// 重构日志: 5284a8e9
// 重构日志: 2d7c5cb9
// 重构日志: aaf92904
// 重构日志: 4d207aac
// 重构日志: afe0f45e
// 同步 ID: 0e6f3429 @ Wed Jul 22 17:16:41 UTC 2026
// 重构日志: 0d8534bc
// 重构日志: 9b0ff021
// 重构日志: 5e0332eb
// 同步 ID: 71da0b30 @ Sat Jul 25 11:10:46 UTC 2026
// 同步 ID: 84304e6e @ Sat Jul 25 16:06:40 UTC 2026
// 同步 ID: e130dbd4 @ Sun Jul 26 02:14:53 UTC 2026
// 重构日志: 5fca2a95
// 同步 ID: 9f5376b4 @ Sun Jul 26 16:42:50 UTC 2026
// 同步 ID: 39bacf3a @ Sun Jul 26 18:00:25 UTC 2026
// 同步 ID: 89a8397d @ Tue Jul 28 12:00:53 UTC 2026
// 重构日志: 1b0f0dd6
// 重构日志: d570864f
// 同步 ID: 571d222c @ Wed Jul 29 00:12:42 UTC 2026
// 重构日志: 3ccbacbe
// 重构日志: e18c5c41
// 重构日志: 18812626
// 同步 ID: 55b39d77 @ Wed Jul 29 19:10:15 UTC 2026
// 重构日志: 8476ae62
// 重构日志: db77086e
// 同步 ID: 9de868b2 @ Fri Jul 31 05:37:08 UTC 2026
// 重构日志: 968f3402
// 重构日志: 34e9092b
// 重构日志: f7d0c227
// 同步 ID: 22a7f0e8 @ Sun Aug  2 18:44:59 UTC 2026
